Test 14: 200 words in a total width of 40
12345678901234567890123456789012345678901234567890123456789012345678901234567890
0                exercise         
02139            explicit         
1                expressly        
10               extend           
11               fee              
12               file             
1989             files            
1991             follow           
19yy             following        
2                for              
3                forbid           
4                form             
5                forming          
6                found            
675              free             
69               freedom          
7                from             
8                full             
9                further          
A                generally        
ABOVE            generous         
ABSOLUTELY       geographical     
ADVISED          get              
AGREED           give             
ALL              given            
AND              gives            
AND/OR           goals            
ANY              granted          
APPLICABLE       grants           
ARISING          gratis           
AS               greatest         
ASSUME           guarantee        
Accompany        guided           
Activities       has              
Also             have             
And              having           
Any              he               
Apply            held             
April            hereby           
Ave              herein           
BE               holder           
BECAUSE          hope             
BEEN             how              
BEING            hypothetical     
BUT              idea             
BY               identifiable     
But              if               
By               implemented      
C                implied          
CHARGE           impose           
CONDITIONS       imposed          
CONSEQUENTIAL    in               
COPYING          include          
COPYRIGHT        included         
CORRECTION       including        
COST             incorporate      
Cambridge        incorporates     
Coon             incorporating    
Copyright        independent      
DAMAGES          indicate         
DATA             indirectly       
DEFECTIVE        individually     
DISTRIBUTION     induce           
EITHER           information      
END              infringe         
ENTIRE           infringement     
EVEN             installation     
EVENT            instead          
EXCEPT           intact           
EXPRESSED        integrity        
EXTENT           intended         
Each             intent           
Everyone         interactive      
Exception        interactively    
FAILURE          interchange      
FITNESS          interest         
FOR              interface        
FREE             interfaces       
Finally          into             
For              introduced       
Foundation       invalid          
Foundation's     is               
Free             issues           
GENERAL          it               
GNU              items--whatever  
General          its              
Gnomovision      itself           
HAS              judgment         
HOLDER           keep             
HOLDERS          kernel           
Hacker           know             
Here             language         
Hereinafter      later            
How              law              
However          least            
IF               legal            
IMPLIED          library          
IN               license          
INABILITY        licensed         
INACCURATE       licensee         
INCIDENTAL       licensees        
INCLUDING        licenses         
IS               licensor         
If               like             
In               limitation       
Inc              limited          
It               line             
James            linking          
June             long             
KIND             machine-readable 
LAW              made             
LIABLE           mail             
LICENSE          major            
LICENSED         make             
LIMITED          makes            
LOSS             making           
LOSSES           may              
Library          means            
License          medium           
Licenses         meet             
MA               menu             
MAY              mere             
MERCHANTABILITY  mode             
MODIFICATION     modification     
MODIFY           modifications    
Many             modified         
Mass             modify           
NECESSARY        modifying        
NO               modules          
NOT              more             
New              most             
OF               mouse-clicks     
OPERATE          must             
OR               name             
OTHER            names            
OTHERWISE        necessary        
OUT              need             
Of               new              
Our              no               
PARTICULAR       noncommercial    
PARTIES          normally         
PARTY            not              
PERFORMANCE      nothing          
PERMITTED        notice           
POSSIBILITY      notices          
PROGRAM          number           
PROGRAMS         object           
PROVE            obligations      
PROVIDE          obtain           
PUBLIC           of               
PURPOSE          offer            
Preamble         offering         
President        on               
Program          one              
Program's        only             
Programs         operating        
Public           option           
QUALITY          or               
REDISTRIBUTE     order            
RENDERED         ordinary         
REPAIR           original         
REQUIRED         other            
RISK             others           
SERVICING        otherwise        
SHOULD           our              
SPECIAL          ours             
STATED           output           
SUCH             outside          
SUSTAINED        paper            
Section          part             
Sections         particular       
See              parties          
Software         parts            
Some             party            
Subsection       passed           
Such             passes           
TERMS            patent           
THE              patents          
THERE            people           
THIRD            performing       
TO               permission       
Terms            permissions      
The              permit           
Therefore        permitted        
These            pertinent        
This             physical         
Thus             physically       
To               pieces           
Ty               place            
UNLESS           placed           
USA              places           
USE              plus             
Version          pointer          
Vice             portion          
WARRANTIES       possible         
WARRANTY         practices        
WHEN             precise          
WHO              preferred        
WILL             present          
WITH             preserving       
WITHOUT          prevent          
WRITING          price            
We               print            
When             problems         
Whether          program          
YOU              program's        
You              programmer       
Your             programs         
Yoyodyne         prohibited       
a                prominent        
above            promoting        
absence          property         
accept           proprietary      
acceptance       protect          
access           protecting       
accompanies      protection       
accord           provide          
achieve          provided         
act              public           
actions          publish          
add              published        
addition         purpose          
address          range            
addressed        rather           
aggregation      reads            
agreement        reason           
all              reasonably       
allegation       receive          
allowed          received         
along            receives         
also             recipient        
alter            recipients       
alternative      redistribute     
among            redistribution   
an               redistributors   
and              refer            
and/or           referring        
announcement     refers           
another          reflect          
any              refrain          
anyone           regardless       
anything         reliance         
application      remain           
applications     reputations      
applies          required         
apply            requirements     
appropriate      responsibilities 
appropriately    responsible      
are              rest             
as               restricted       
ask              restrictions     
associated       reuse            
at               revised          
attach           right            
attempt          rights           
author           royalty-free     
author's         run              
author/donor     running          
authors          runs             
automatically    safest           
avoid            same             
away             sample           
b                satisfy          
balance          say              
based            saying           
be               school           
been             scope            
believed         scripts          
below            section          
best             sections         
binary           separate         
body             service          
both             share            
brief            sharing          
bring            she              
but              short            
by               should           
c                show             
called           sign             
can              signature        
cannot           signed           
carry            similar          
case             simultaneously   
cause            since            
certain          so               
change           software         
changed          software--to     
changing         sole             
charge           someone          
choice           something        
choose           sometimes        
circumstance     source           
circumstances    speak            
claim            special          
claims           specifies        
clear            specify          
code             spirit           
collective       start            
comes            started          
commands         starts           
commit           stating          
compelled        status           
compilation      steps            
compiler         storage          
compilers        subject          
complete         sublicense       
compliance       subroutine       
component        such             
components       suits            
concerns         sure             
conditions       surrender        
consequence      system           
consider         take             
considered       telling          
consistent       term             
conspicuously    terminate        
constantly       terminated       
constitute       terms            
contact          than             
containing       that             
contains         the              
contents         their            
contest          them             
contradict       themselves       
contrast         then             
contributions    there            
control          thereof          
convey           these            
copies           they             
copy             things           
copying          third            
copyright        this             
copyrighted      thoroughly       
corresponding    those            
cost             though           
could            threatened       
countries        three            
counts           through          
course           thus             
court            time             
covered          to               
customarily      too              
danger           transferring     
date             translate        
decide           translated       
decision         translation      
definition       true             
deny             two              
depends          type             
derivative       under            
derivatives      understands      
derived          unenforceable    
designated       unless           
designed         up               
detail           use              
details          used             
develop          useful           
differ           user             
different        users            
directly         using            
disclaimer       valid            
disclaims        validity         
display          verbatim         
distinguishing   version          
distribute       versions         
distributed      view             
distributing     void             
distribution     volume           
do               w                
document         want             
does             warranty         
each             way              
effect           we               
effectively      welcome          
either           what             
electronic       when             
else             where            
employer         whether          
enforcing        which            
entire           who              
entirely         whole            
equivalent       whose            
even             wide             
ever             will             
every            willing          
everyone         wish             
everyone's       with             
example          without          
except           work             
exception        works            
exceptions       would            
exchange         write            
excluded         written          
excluding        wrote            
exclusion        years            
excuse           you              
executable       your             
12345678901234567890123456789012345678901234567890123456789012345678901234567890
