Test 20: 200 words in 5 columns, indent 3, total width 100
12345678901234567890123456789012345678901234567890123456789012345678901234567890
   0                RENDERED         contact          invalid          refrain          
   02139            REPAIR           containing       is               regardless       
   1                REQUIRED         contains         issues           reliance         
   10               RISK             contents         it               remain           
   11               SERVICING        contest          items--whatever  reputations      
   12               SHOULD           contradict       its              required         
   1989             SPECIAL          contrast         itself           requirements     
   1991             STATED           contributions    judgment         responsibilities 
   19yy             SUCH             control          keep             responsible      
   2                SUSTAINED        convey           kernel           rest             
   3                Section          copies           know             restricted       
   4                Sections         copy             language         restrictions     
   5                See              copying          later            reuse            
   6                Software         copyright        law              revised          
   675              Some             copyrighted      least            right            
   69               Subsection       corresponding    legal            rights           
   7                Such             cost             library          royalty-free     
   8                TERMS            could            license          run              
   9                THE              countries        licensed         running          
   A                THERE            counts           licensee         runs             
   ABOVE            THIRD            course           licensees        safest           
   ABSOLUTELY       TO               court            licenses         same             
   ADVISED          Terms            covered          licensor         sample           
   AGREED           The              customarily      like             satisfy          
   ALL              Therefore        danger           limitation       say              
   AND              These            date             limited          saying           
   AND/OR           This             decide           line             school           
   ANY              Thus             decision         linking          scope            
   APPLICABLE       To               definition       long             scripts          
   ARISING          Ty               deny             machine-readable section          
   AS               UNLESS           depends          made             sections         
   ASSUME           USA              derivative       mail             separate         
   Accompany        USE              derivatives      major            service          
   Activities       Version          derived          make             share            
   Also             Vice             designated       makes            sharing          
   And              WARRANTIES       designed         making           she              
   Any              WARRANTY         detail           may              short            
   Apply            WHEN             details          means            should           
   April            WHO              develop          medium           show             
   Ave              WILL             differ           meet             sign             
   BE               WITH             different        menu             signature        
   BECAUSE          WITHOUT          directly         mere             signed           
   BEEN             WRITING          disclaimer       mode             similar          
   BEING            We               disclaims        modification     simultaneously   
   BUT              When             display          modifications    since            
   BY               Whether          distinguishing   modified         so               
   But              YOU              distribute       modify           software         
   By               You              distributed      modifying        software--to     
   C                Your             distributing     modules          sole             
   CHARGE           Yoyodyne         distribution     more             someone          
   CONDITIONS       a                do               most             something        
   CONSEQUENTIAL    above            document         mouse-clicks     sometimes        
   COPYING          absence          does             must             source           
   COPYRIGHT        accept           each             name             speak            
   CORRECTION       acceptance       effect           names            special          
   COST             access           effectively      necessary        specifies        
   Cambridge        accompanies      either           need             specify          
   Coon             accord           electronic       new              spirit           
   Copyright        achieve          else             no               start            
   DAMAGES          act              employer         noncommercial    started          
   DATA             actions          enforcing        normally         starts           
   DEFECTIVE        add              entire           not              stating          
   DISTRIBUTION     addition         entirely         nothing          status           
   EITHER           address          equivalent       notice           steps            
   END              addressed        even             notices          storage          
   ENTIRE           aggregation      ever             number           subject          
   EVEN             agreement        every            object           sublicense       
   EVENT            all              everyone         obligations      subroutine       
   EXCEPT           allegation       everyone's       obtain           such             
   EXPRESSED        allowed          example          of               suits            
   EXTENT           along            except           offer            sure             
   Each             also             exception        offering         surrender        
   Everyone         alter            exceptions       on               system           
   Exception        alternative      exchange         one              take             
   FAILURE          among            excluded         only             telling          
   FITNESS          an               excluding        operating        term             
   FOR              and              exclusion        option           terminate        
   FREE             and/or           excuse           or               terminated       
   Finally          announcement     executable       order            terms            
   For              another          exercise         ordinary         than             
   Foundation       any              explicit         original         that             
   Foundation's     anyone           expressly        other            the              
   Free             anything         extend           others           their            
   GENERAL          application      fee              otherwise        them             
   GNU              applications     file             our              themselves       
   General          applies          files            ours             then             
   Gnomovision      apply            follow           output           there            
   HAS              appropriate      following        outside          thereof          
   HOLDER           appropriately    for              paper            these            
   HOLDERS          are              forbid           part             they             
   Hacker           as               form             particular       things           
   Here             ask              forming          parties          third            
   Hereinafter      associated       found            parts            this             
   How              at               free             party            thoroughly       
   However          attach           freedom          passed           those            
   IF               attempt          from             passes           though           
   IMPLIED          author           full             patent           threatened       
   IN               author's         further          patents          three            
   INABILITY        author/donor     generally        people           through          
   INACCURATE       authors          generous         performing       thus             
   INCIDENTAL       automatically    geographical     permission       time             
   INCLUDING        avoid            get              permissions      to               
   IS               away             give             permit           too              
   If               b                given            permitted        transferring     
   In               balance          gives            pertinent        translate        
   Inc              based            goals            physical         translated       
   It               be               granted          physically       translation      
   James            been             grants           pieces           true             
   June             believed         gratis           place            two              
   KIND             below            greatest         placed           type             
   LAW              best             guarantee        places           under            
   LIABLE           binary           guided           plus             understands      
   LICENSE          body             has              pointer          unenforceable    
   LICENSED         both             have             portion          unless           
   LIMITED          brief            having           possible         up               
   LOSS             bring            he               practices        use              
   LOSSES           but              held             precise          used             
   Library          by               hereby           preferred        useful           
   License          c                herein           present          user             
   Licenses         called           holder           preserving       users            
   MA               can              hope             prevent          using            
   MAY              cannot           how              price            valid            
   MERCHANTABILITY  carry            hypothetical     print            validity         
   MODIFICATION     case             idea             problems         verbatim         
   MODIFY           cause            identifiable     program          version          
   Many             certain          if               program's        versions         
   Mass             change           implemented      programmer       view             
   NECESSARY        changed          implied          programs         void             
   NO               changing         impose           prohibited       volume           
   NOT              charge           imposed          prominent        w                
   New              choice           in               promoting        want             
   OF               choose           include          property         warranty         
   OPERATE          circumstance     included         proprietary      way              
   OR               circumstances    including        protect          we               
   OTHER            claim            incorporate      protecting       welcome          
   OTHERWISE        claims           incorporates     protection       what             
   OUT              clear            incorporating    provide          when             
   Of               code             independent      provided         where            
   Our              collective       indicate         public           whether          
   PARTICULAR       comes            indirectly       publish          which            
   PARTIES          commands         individually     published        who              
   PARTY            commit           induce           purpose          whole            
   PERFORMANCE      compelled        information      range            whose            
   PERMITTED        compilation      infringe         rather           wide             
   POSSIBILITY      compiler         infringement     reads            will             
   PROGRAM          compilers        installation     reason           willing          
   PROGRAMS         complete         instead          reasonably       wish             
   PROVE            compliance       intact           receive          with             
   PROVIDE          component        integrity        received         without          
   PUBLIC           components       intended         receives         work             
   PURPOSE          concerns         intent           recipient        works            
   Preamble         conditions       interactive      recipients       would            
   President        consequence      interactively    redistribute     write            
   Program          consider         interchange      redistribution   written          
   Program's        considered       interest         redistributors   wrote            
   Programs         consistent       interface        refer            years            
   Public           conspicuously    interfaces       referring        you              
   QUALITY          constantly       into             refers           your             
   REDISTRIBUTE     constitute       introduced       reflect          
12345678901234567890123456789012345678901234567890123456789012345678901234567890
